2026-03-29 05:06:51,223 [MainThread  ] [ERROR]  Error occurred during run_batch_jobs.
Traceback (most recent call last):
  File "/root/MedAgentSim/MedPromptSimulate/src/promptbase/mmlu/utils.py", line 93, in run_batch_jobs
    result = future.result()
  File "/root/miniconda3/envs/mgent/lib/python3.10/concurrent/futures/_base.py", line 451, in result
    return self.__get_result()
  File "/root/miniconda3/envs/mgent/lib/python3.10/concurrent/futures/_base.py", line 403, in __get_result
    raise self._exception
  File "/root/miniconda3/envs/mgent/lib/python3.10/concurrent/futures/thread.py", line 58, in run
    result = self.fn(*self.args, **self.kwargs)
  File "/root/MedAgentSim/MedPromptSimulate/src/promptbase/mmlu/experiment.py", line 604, in solve
    reflect_phase(options, problem, output, backend)
  File "/root/MedAgentSim/MedPromptSimulate/src/promptbase/mmlu/experiment.py", line 633, in reflect_phase
    Correct Reasoning: {correct_reasoning[problem['correct_answer']]}
KeyError: None
2026-03-29 05:07:08,780 [MainThread  ] [ERROR]  Error occurred during run_batch_jobs.
Traceback (most recent call last):
  File "/root/MedAgentSim/MedPromptSimulate/src/promptbase/mmlu/utils.py", line 93, in run_batch_jobs
    result = future.result()
  File "/root/miniconda3/envs/mgent/lib/python3.10/concurrent/futures/_base.py", line 451, in result
    return self.__get_result()
  File "/root/miniconda3/envs/mgent/lib/python3.10/concurrent/futures/_base.py", line 403, in __get_result
    raise self._exception
  File "/root/miniconda3/envs/mgent/lib/python3.10/concurrent/futures/thread.py", line 58, in run
    result = self.fn(*self.args, **self.kwargs)
  File "/root/MedAgentSim/MedPromptSimulate/src/promptbase/mmlu/experiment.py", line 604, in solve
    reflect_phase(options, problem, output, backend)
  File "/root/MedAgentSim/MedPromptSimulate/src/promptbase/mmlu/experiment.py", line 633, in reflect_phase
    Correct Reasoning: {correct_reasoning[problem['correct_answer']]}
KeyError: None
2026-03-29 05:07:26,933 [MainThread  ] [ERROR]  Error occurred during run_batch_jobs.
Traceback (most recent call last):
  File "/root/MedAgentSim/MedPromptSimulate/src/promptbase/mmlu/utils.py", line 93, in run_batch_jobs
    result = future.result()
  File "/root/miniconda3/envs/mgent/lib/python3.10/concurrent/futures/_base.py", line 451, in result
    return self.__get_result()
  File "/root/miniconda3/envs/mgent/lib/python3.10/concurrent/futures/_base.py", line 403, in __get_result
    raise self._exception
  File "/root/miniconda3/envs/mgent/lib/python3.10/concurrent/futures/thread.py", line 58, in run
    result = self.fn(*self.args, **self.kwargs)
  File "/root/MedAgentSim/MedPromptSimulate/src/promptbase/mmlu/experiment.py", line 604, in solve
    reflect_phase(options, problem, output, backend)
  File "/root/MedAgentSim/MedPromptSimulate/src/promptbase/mmlu/experiment.py", line 633, in reflect_phase
    Correct Reasoning: {correct_reasoning[problem['correct_answer']]}
KeyError: None
2026-03-29 05:07:32,845 [MainThread  ] [ERROR]  Error occurred during run_batch_jobs.
Traceback (most recent call last):
  File "/root/MedAgentSim/MedPromptSimulate/src/promptbase/mmlu/utils.py", line 93, in run_batch_jobs
    result = future.result()
  File "/root/miniconda3/envs/mgent/lib/python3.10/concurrent/futures/_base.py", line 451, in result
    return self.__get_result()
  File "/root/miniconda3/envs/mgent/lib/python3.10/concurrent/futures/_base.py", line 403, in __get_result
    raise self._exception
  File "/root/miniconda3/envs/mgent/lib/python3.10/concurrent/futures/thread.py", line 58, in run
    result = self.fn(*self.args, **self.kwargs)
  File "/root/MedAgentSim/MedPromptSimulate/src/promptbase/mmlu/experiment.py", line 604, in solve
    reflect_phase(options, problem, output, backend)
  File "/root/MedAgentSim/MedPromptSimulate/src/promptbase/mmlu/experiment.py", line 633, in reflect_phase
    Correct Reasoning: {correct_reasoning[problem['correct_answer']]}
KeyError: None
2026-03-29 05:07:45,068 [MainThread  ] [ERROR]  Error occurred during run_batch_jobs.
Traceback (most recent call last):
  File "/root/MedAgentSim/MedPromptSimulate/src/promptbase/mmlu/utils.py", line 93, in run_batch_jobs
    result = future.result()
  File "/root/miniconda3/envs/mgent/lib/python3.10/concurrent/futures/_base.py", line 451, in result
    return self.__get_result()
  File "/root/miniconda3/envs/mgent/lib/python3.10/concurrent/futures/_base.py", line 403, in __get_result
    raise self._exception
  File "/root/miniconda3/envs/mgent/lib/python3.10/concurrent/futures/thread.py", line 58, in run
    result = self.fn(*self.args, **self.kwargs)
  File "/root/MedAgentSim/MedPromptSimulate/src/promptbase/mmlu/experiment.py", line 604, in solve
    reflect_phase(options, problem, output, backend)
  File "/root/MedAgentSim/MedPromptSimulate/src/promptbase/mmlu/experiment.py", line 633, in reflect_phase
    Correct Reasoning: {correct_reasoning[problem['correct_answer']]}
KeyError: None
